::1 - - [24/Sep/2026 22:04:48] code 404, message File not found
::1 - - [24/Sep/2026 22:04:48] "GET /index.html HTTP/1.1" 404 -
::1 - - [24/Sep/2026 22:05:07] "GET / HTTP/1.1" 200 -
::1 - - [24/Sep/2026 22:05:19] "GET / HTTP/1.1" 200 -
::1 - - [24/Sep/2026 22:09:28] "GET /index.html HTTP/1.1" 200 -
::1 - - [24/Sep/2026 22:09:28] "GET /style.css HTTP/1.1" 200 -
::1 - - [24/Sep/2026 22:09:28] "GET /script.js HTTP/1.1" 200 -
::1 - - [24/Sep/2026 22:10:59] "GET /index.html HTTP/1.1" 200 -
::1 - - [24/Sep/2026 22:10:59] "GET /style.css HTTP/1.1" 200 -
::1 - - [24/Sep/2026 22:10:59] "GET /script.js HTTP/1.1" 200 -
::1 - - [24/Sep/2026 22:11:30] code 404, message File not found
::1 - - [24/Sep/2026 22:11:30] "GET /favicon.ico HTTP/1.1" 404 -
::1 - - [24/Sep/2026 22:13:18] "GET /index.html HTTP/1.1" 304 -
::1 - - [24/Sep/2026 22:13:18] "GET /style.css HTTP/1.1" 200 -
::1 - - [24/Sep/2026 22:13:18] "GET /script.js HTTP/1.1" 304 -
::1 - - [24/Sep/2026 22:17:13] "GET /index.html HTTP/1.1" 304 -
::1 - - [24/Sep/2026 22:17:13] "GET /style.css HTTP/1.1" 304 -
::1 - - [24/Sep/2026 22:17:13] "GET /script.js HTTP/1.1" 304 -
::1 - - [24/Sep/2026 22:17:56] "GET /style.css HTTP/1.1" 304 -
::1 - - [24/Sep/2026 22:18:04] "GET /index.html HTTP/1.1" 304 -
::1 - - [24/Sep/2026 22:20:25] "GET /index.html HTTP/1.1" 304 -
::1 - - [24/Sep/2026 22:20:25] "GET /style.css HTTP/1.1" 304 -
::1 - - [24/Sep/2026 22:20:25] "GET /script.js HTTP/1.1" 304 -
::1 - - [24/Sep/2026 22:22:09] "GET /index.html HTTP/1.1" 200 -
::1 - - [24/Sep/2026 22:22:09] "GET /style.css HTTP/1.1" 304 -
::1 - - [24/Sep/2026 22:22:26] "GET /index.html HTTP/1.1" 200 -
::1 - - [24/Sep/2026 22:22:26] "GET /style.css HTTP/1.1" 200 -
::1 - - [24/Sep/2026 22:22:26] "GET /script.js HTTP/1.1" 200 -
::1 - - [24/Sep/2026 22:22:26] "GET /README.md HTTP/1.1" 200 -
::1 - - [24/Sep/2026 22:22:26] "GET /hello-world.html HTTP/1.1" 200 -
